// Jest Snapshot v1, https://goo.gl/fbAQLP

exports[`Tests Header Component should render Header component 1`] = `
<header>
  <h1>
    Math Magicians
  </h1>
  <nav>
    <a
      href="/"
      onClick={[Function]}
    >
      Home
    </a>
    <a
      href="/calculator"
      onClick={[Function]}
    >
      Calculator
    </a>
    <a
      href="/quote"
      onClick={[Function]}
    >
      Quote
    </a>
  </nav>
</header>
`;
